'2017-03-22': 0.033
'2017-03-23': 0.057
'2017-03-24': 0.064
'2017-03-25': 0.09
'2017-03-26': 0.074
'2017-03-27': 0.06
'2017-03-28': 0.067
'2017-03-29': 0.068
'2017-03-30': 0.062
'2017-03-31': 0.065
'2017-04-01': 0.059
'2017-04-02': 0.056
'2017-04-03': 0.054
'2017-04-04': 0.053
'2017-04-05': 0.059
'2017-04-06': 0.059
'2017-04-07': 0.059
'2017-04-08': 0.059
'2017-04-10': 0.074
