'2021-09-09 21:00:00': 1.7151
'2021-09-09 22:00:00': 1.71475
'2021-09-09 23:00:00': 1.711
