'2017-03-22': 0.03424
'2017-03-23': 0.05805
'2017-03-24': 0.0659
'2017-03-25': 0.08981
'2017-03-26': 0.0747
'2017-03-27': 0.05936
'2017-03-28': 0.068
'2017-03-29': 0.06824
'2017-03-30': 0.0602
'2017-03-31': 0.06607
'2017-04-01': 0.0625
'2017-04-02': 0.05651
'2017-04-03': 0.05737
'2017-04-04': 0.05265
'2017-04-05': 0.06036
'2017-04-06': 0.07239
'2017-04-07': 0.07024
'2017-04-08': 0.07427
'2017-04-09': 0.07767
'2017-04-10': 0.07896
'2017-04-11': 0.08689
'2017-04-12': 0.09701
'2017-04-13': 0.1294
'2017-04-14': 0.1395
'2017-04-15': 0.2469
'2017-04-16': 0.2815
'2017-04-17': 0.2507
'2017-04-18': 0.2171
'2017-04-19': 0.2601
'2017-04-20': 0.236
'2017-04-21': 0.2474
'2017-04-22': 0.1985
'2017-04-23': 0.1901
'2017-04-24': 0.1997
'2017-04-25': 0.1809
'2017-04-26': 0.1673
'2017-04-27': 0.1701
'2017-04-28': 0.202
'2017-04-29': 0.201
'2017-04-30': 0.192
'2017-05-01': 0.1889
'2017-05-02': 0.2169
'2017-05-03': 0.2304
'2017-05-04': 0.2245
'2017-05-05': 0.2443
'2017-05-06': 0.255
'2017-05-07': 0.2364
'2017-05-08': 0.2463
'2017-05-09': 0.218
'2017-05-10': 0.2225
'2017-05-11': 0.2225
'2017-05-12': 0.2022
'2017-05-13': 0.2247
'2017-05-14': 0.2228
'2017-05-15': 0.2114
'2017-05-16': 0.179
'2017-05-17': 0.1819
'2017-05-18': 0.205
'2017-05-19': 0.227
'2017-05-20': 0.2087
'2017-05-21': 0.2351
'2017-05-22': 0.2386
'2017-05-23': 0.2613
'2017-05-24': 0.3206
'2017-05-25': 0.2462
'2017-05-26': 0.2775
'2017-05-27': 0.212
'2017-05-28': 0.2375
'2017-05-29': 0.2333
'2017-05-30': 0.2261
'2017-05-31': 0.258
'2017-06-01': 0.3016
'2017-06-02': 0.3951
'2017-06-03': 0.4353
'2017-06-04': 0.5048
'2017-06-05': 0.7036
'2017-06-06': 0.804
'2017-06-07': 0.9735
'2017-06-08': 0.9516
'2017-06-09': 1.05
'2017-06-10': 0.8991
'2017-06-11': 0.892
'2017-06-12': 0.7349
'2017-06-13': 0.904
'2017-06-14': 0.7402
'2017-06-15': 0.7073
'2017-06-16': 0.7884
'2017-06-17': 0.823
'2017-06-18': 0.7349
'2017-06-19': 0.7578
'2017-06-20': 0.7575
'2017-06-21': 0.702
'2017-06-22': 0.7624
'2017-06-23': 0.8012
'2017-06-24': 0.7097
'2017-06-25': 0.6812
'2017-06-26': 0.6086
'2017-06-27': 0.6384
'2017-06-28': 0.6444
'2017-06-29': 0.6112
'2017-06-30': 0.5455
'2017-07-01': 0.522
'2017-07-02': 0.5415
'2017-07-03': 0.5196
'2017-07-04': 0.5941
'2017-07-05': 0.7453
'2017-07-06': 0.6985
'2017-07-07': 0.5958
'2017-07-08': 0.6358
'2017-07-09': 0.5653
'2017-07-10': 0.3992
'2017-07-11': 0.3726
'2017-07-12': 0.4398
'2017-07-13': 0.459
'2017-07-14': 0.4189
'2017-07-15': 0.351
'2017-07-16': 0.3292
'2017-07-17': 0.4246
'2017-07-18': 0.4666
'2017-07-19': 0.4399
'2017-07-20': 0.5669
'2017-07-21': 0.531
'2017-07-22': 0.668
'2017-07-23': 0.6197
'2017-07-24': 0.5864
'2017-07-25': 0.5049
'2017-07-26': 0.4793
'2017-07-27': 0.4843
'2017-07-28': 0.4353
'2017-07-29': 0.4855
'2017-07-30': 0.4866
'2017-07-31': 0.5017
'2017-08-01': 0.5999
'2017-08-02': 0.5757
'2017-08-03': 0.6612
'2017-08-04': 0.7136
'2017-08-05': 0.892
'2017-08-06': 0.9383
'2017-08-07': 0.8961
'2017-08-08': 0.8279
'2017-08-09': 0.8238
'2017-08-10': 0.9171
'2017-08-11': 0.858
'2017-08-12': 0.9365
'2017-08-13': 0.8649
'2017-08-14': 1.679
'2017-08-15': 1.728
'2017-08-16': 1.562
'2017-08-17': 1.298
'2017-08-18': 1.56
'2017-08-19': 1.593
'2017-08-20': 1.657
'2017-08-21': 1.81
'2017-08-22': 1.753
'2017-08-23': 1.63
'2017-08-24': 1.579
'2017-08-25': 1.576
'2017-08-26': 1.717
'2017-08-27': 1.979
'2017-08-28': 2.617
'2017-08-29': 2.574
'2017-08-30': 2.38
'2017-08-31': 2.4
'2017-09-01': 2.537
'2017-09-02': 2.358
'2017-09-03': 2.561
'2017-09-04': 2.243
'2017-09-05': 2.5
'2017-09-06': 2.612
'2017-09-07': 2.643
'2017-09-08': 2.566
'2017-09-09': 2.813
'2017-09-10': 2.96
'2017-09-11': 3.716
'2017-09-12': 3.685
'2017-09-13': 3.541
'2017-09-14': 3.538
'2017-09-15': 3.944
'2017-09-16': 3.577
'2017-09-17': 3.301
'2017-09-18': 3.698
'2017-09-19': 3.239
'2017-09-20': 3.117
'2017-09-21': 2.718
'2017-09-22': 2.809
'2017-09-23': 3.156
'2017-09-24': 3.004
'2017-09-25': 3.165
'2017-09-26': 2.945
'2017-09-27': 3.201
'2017-09-28': 2.959
'2017-09-29': 2.757
'2017-09-30': 2.992
'2017-10-01': 2.898
'2017-10-02': 2.793
'2017-10-03': 2.791
'2017-10-04': 2.493
'2017-10-05': 2.745
'2017-10-06': 2.592
'2017-10-07': 2.528
'2017-10-08': 2.212
'2017-10-09': 2.384
'2017-10-10': 2.595
'2017-10-11': 2.833
'2017-10-12': 2.662
'2017-10-13': 2.629
'2017-10-14': 2.836
'2017-10-15': 2.862
'2017-10-16': 2.767
'2017-10-17': 2.817
'2017-10-18': 2.824
'2017-10-19': 2.871
'2017-10-20': 2.775
'2017-10-21': 2.564
'2017-10-22': 2.637
'2017-10-23': 2.53
'2017-10-24': 2.86
'2017-10-25': 2.587
'2017-10-26': 2.526
'2017-10-27': 2.519
'2017-10-28': 2.432
'2017-10-29': 2.436
'2017-10-30': 2.422
'2017-10-31': 2.443
'2017-11-01': 2.097
'2017-11-02': 2.048
'2017-11-03': 2.496
'2017-11-04': 2.322
'2017-11-05': 2.363
'2017-11-06': 2.54
'2017-11-07': 2.533
'2017-11-08': 2.915
'2017-11-09': 3.236
'2017-11-10': 2.876
'2017-11-11': 2.883
'2017-11-12': 2.57
'2017-11-13': 2.911
'2017-11-14': 3.188
'2017-11-15': 3.186
'2017-11-16': 3.117
'2017-11-17': 2.965
'2017-11-18': 3.2
'2017-11-19': 3.147
'2017-11-20': 3.135
'2017-11-21': 3.097
'2017-11-22': 3.112
'2017-11-23': 2.997
'2017-11-24': 3.061
'2017-11-25': 3.176
'2017-11-26': 3.505
'2017-11-27': 3.776
'2017-11-28': 3.427
'2017-11-29': 2.924
'2017-11-30': 3.069
'2017-12-01': 3.405
'2017-12-02': 3.645
'2017-12-03': 4.051
'2017-12-04': 4.211
'2017-12-05': 4.575
'2017-12-06': 4.184
'2017-12-07': 3.576
'2017-12-08': 3.928
'2017-12-09': 3.755
'2017-12-10': 3.434
'2017-12-11': 3.743
'2017-12-12': 4.285
'2017-12-13': 4.415
'2017-12-14': 4.501
'2017-12-15': 4.267
'2017-12-16': 4.985
'2017-12-17': 5.91
'2017-12-18': 6.815
'2017-12-19': 6.405
'2017-12-20': 7.493
'2017-12-21': 7.886
'2017-12-22': 5.771
'2017-12-23': 6.585
'2017-12-24': 6.288
'2017-12-25': 7.068
'2017-12-26': 7.861
'2017-12-27': 7.357
'2017-12-28': 6.897
'2017-12-29': 7.867
'2017-12-30': 6.474
'2017-12-31': 6.99
'2018-01-01': 7.563
'2018-01-02': 7.842
'2018-01-03': 7.542
'2018-01-04': 7.027
'2018-01-05': 6.814
'2018-01-06': 7.803
'2018-01-07': 8.022
'2018-01-08': 7.915
'2018-01-09': 9.324
'2018-01-10': 10.29
'2018-01-11': 8.234
'2018-01-12': 8.894
'2018-01-13': 8.972
'2018-01-14': 8.032
'2018-01-15': 7.785
'2018-01-16': 5.566
'2018-01-17': 6.2
'2018-01-18': 6.295
'2018-01-19': 6.534
'2018-01-20': 7.124
'2018-01-21': 5.939
'2018-01-22': 5.414
'2018-01-23': 6.017
'2018-01-24': 6.78
'2018-01-25': 7.236
'2018-01-26': 6.772
'2018-01-27': 6.635
'2018-01-28': 6.568
'2018-01-29': 6.599
'2018-01-30': 5.457
'2018-01-31': 5.664
'2018-02-01': 4.803
'2018-02-02': 4.607
'2018-02-03': 5.024
'2018-02-04': 4.193
'2018-02-05': 3.179
'2018-02-06': 3.76
'2018-02-07': 3.513
'2018-02-08': 3.787
'2018-02-09': 4.197
'2018-02-10': 4.041
'2018-02-11': 3.756
'2018-02-12': 4.055
'2018-02-13': 4.081
'2018-02-14': 4.47
'2018-02-15': 4.908
'2018-02-16': 4.852
'2018-02-17': 4.987
'2018-02-18': 4.533
'2018-02-19': 4.651
'2018-02-20': 4.111
'2018-02-21': 4.075
'2018-02-22': 3.728
'2018-02-23': 3.91
'2018-02-24': 3.607
'2018-02-25': 3.686
'2018-02-26': 3.774
'2018-02-27': 3.773
'2018-02-28': 3.584
'2018-03-01': 3.682
'2018-03-02': 4.02
'2018-03-03': 4.434
'2018-03-04': 4.181
'2018-03-05': 4.005
'2018-03-06': 3.735
'2018-03-07': 3.483
'2018-03-08': 3.189
'2018-03-09': 3.207
'2018-03-10': 3.071
'2018-03-11': 3.531
'2018-03-12': 3.218
'2018-03-13': 3.358
'2018-03-14': 2.831
'2018-03-15': 2.868
'2018-03-16': 2.832
'2018-03-17': 2.509
'2018-03-18': 2.42
'2018-03-19': 2.75
'2018-03-20': 2.849
'2018-03-21': 2.752
'2018-03-22': 2.833
'2018-03-23': 2.775
'2018-03-24': 2.804
'2018-03-25': 2.857
'2018-03-26': 2.673
'2018-03-27': 2.491
'2018-03-28': 2.487
'2018-03-29': 2.064
'2018-03-30': 1.946
'2018-03-31': 1.916
'2018-04-01': 1.829
'2018-04-02': 2.034
'2018-04-03': 2.359
'2018-04-04': 2.025
'2018-04-05': 2.092
'2018-04-06': 1.992
'2018-04-07': 2.039
'2018-04-08': 2.121
'2018-04-09': 2.059
'2018-04-10': 2.197
'2018-04-11': 2.375
'2018-04-12': 2.573
'2018-04-13': 2.532
'2018-04-14': 2.65
'2018-04-15': 2.836
'2018-04-16': 2.674
'2018-04-17': 2.599
'2018-04-18': 2.928
'2018-04-19': 3.049
'2018-04-20': 3.149
'2018-04-21': 3.086
'2018-04-22': 3.325
'2018-04-23': 3.443
'2018-04-24': 3.579
'2018-04-25': 3.089
'2018-04-26': 3.488
'2018-04-27': 3.401
'2018-04-28': 3.807
'2018-04-29': 3.913
'2018-04-30': 3.6
'2018-05-01': 3.578
'2018-05-02': 3.739
'2018-05-03': 3.707
'2018-05-04': 3.634
'2018-05-05': 3.613
'2018-05-06': 3.559
'2018-05-07': 3.358
'2018-05-08': 3.392
'2018-05-09': 3.289
'2018-05-10': 3.076
'2018-05-11': 3.15
'2018-05-12': 3.332
'2018-05-13': 3.637
'2018-05-14': 3.501
'2018-05-15': 3.206
'2018-05-16': 3.053
'2018-05-17': 2.91
'2018-05-18': 3.128
'2018-05-19': 3.06
'2018-05-20': 3.08
'2018-05-21': 2.944
'2018-05-22': 2.694
'2018-05-23': 2.448
'2018-05-24': 2.492
'2018-05-25': 2.43
'2018-05-26': 2.384
'2018-05-27': 2.321
'2018-05-28': 2.133
'2018-05-29': 2.376
'2018-05-30': 2.351
'2018-05-31': 2.495
'2018-06-01': 2.45
'2018-06-02': 2.567
'2018-06-03': 2.493
'2018-06-04': 2.391
'2018-06-05': 2.441
'2018-06-06': 2.398
'2018-06-07': 2.392
'2018-06-08': 2.358
'2018-06-09': 2.297
'2018-06-10': 1.887
'2018-06-11': 1.869
'2018-06-12': 1.688
'2018-06-13': 1.568
'2018-06-14': 1.707
'2018-06-15': 1.629
'2018-06-16': 1.588
'2018-06-17': 1.563
'2018-06-18': 1.583
'2018-06-19': 1.551
'2018-06-20': 1.579
'2018-06-21': 1.563
'2018-06-22': 1.381
'2018-06-23': 1.412
'2018-06-24': 1.334
'2018-06-25': 1.369
'2018-06-26': 1.288
'2018-06-27': 1.276
'2018-06-28': 1.193
'2018-06-29': 1.221
'2018-06-30': 1.328
'2018-07-01': 1.431
'2018-07-02': 1.552
'2018-07-03': 1.506
'2018-07-04': 1.582
'2018-07-05': 1.492
'2018-07-06': 1.619
'2018-07-07': 1.542
'2018-07-08': 1.557
'2018-07-09': 1.593
'2018-07-10': 1.367
'2018-07-11': 1.298
'2018-07-12': 1.223
'2018-07-13': 1.244
'2018-07-14': 1.227
'2018-07-15': 1.277
'2018-07-16': 1.408
'2018-07-17': 1.536
'2018-07-18': 1.521
'2018-07-19': 1.501
'2018-07-20': 1.325
'2018-07-21': 1.362
'2018-07-22': 1.336
'2018-07-23': 1.277
'2018-07-24': 1.255
'2018-07-25': 1.315
'2018-07-26': 1.211
'2018-07-27': 1.243
'2018-07-28': 1.266
'2018-07-29': 1.248
'2018-07-30': 1.172
'2018-07-31': 1.006
'2018-08-01': 0.986
'2018-08-02': 0.9187
'2018-08-03': 0.9361
'2018-08-04': 0.8751
'2018-08-05': 0.9
'2018-08-06': 0.862
'2018-08-07': 0.8364
'2018-08-08': 0.7806
'2018-08-09': 0.8408
'2018-08-10': 0.7895
'2018-08-11': 0.751
'2018-08-12': 0.7733
'2018-08-13': 0.642
'2018-08-14': 0.5914
'2018-08-15': 0.6009
'2018-08-16': 0.628
'2018-08-17': 0.7534
'2018-08-18': 0.6681
'2018-08-19': 0.6866
'2018-08-20': 0.6514
'2018-08-21': 0.6848
'2018-08-22': 0.6742
'2018-08-23': 0.7376
'2018-08-24': 0.8279
'2018-08-25': 0.8633
'2018-08-26': 0.8502
'2018-08-27': 0.9143
'2018-08-28': 0.9524
'2018-08-29': 0.9936
'2018-08-30': 0.9
'2018-08-31': 0.9072
'2018-09-01': 0.9357
'2018-09-02': 0.8776
'2018-09-03': 0.8659
'2018-09-04': 0.8792
'2018-09-05': 0.7027
'2018-09-06': 0.6854
'2018-09-07': 0.6918
'2018-09-08': 0.6343
'2018-09-09': 0.6132
'2018-09-10': 0.6289
'2018-09-11': 0.6125
'2018-09-12': 0.5888
'2018-09-13': 0.6452
'2018-09-14': 0.6505
'2018-09-15': 0.6744
'2018-09-16': 0.725
'2018-09-17': 0.655
'2018-09-18': 0.6797
'2018-09-19': 0.6674
'2018-09-20': 0.7033
'2018-09-21': 0.7425
'2018-09-22': 0.7153
'2018-09-23': 0.7339
'2018-09-24': 0.715
'2018-09-25': 0.6869
'2018-09-26': 0.6909
'2018-09-27': 0.7422
'2018-09-28': 0.7153
'2018-09-29': 0.7185
'2018-09-30': 0.7147
'2018-10-01': 0.7235
'2018-10-02': 0.7145
'2018-10-03': 0.6927
'2018-10-04': 0.702
'2018-10-05': 0.701
'2018-10-06': 0.7064
'2018-10-07': 0.733
'2018-10-08': 0.7328
'2018-10-09': 0.7501
'2018-10-10': 0.7621
'2018-10-11': 0.6594
'2018-10-12': 0.6751
'2018-10-13': 0.7076
'2018-10-14': 0.6962
'2018-10-15': 0.7148
'2018-10-16': 0.761
'2018-10-17': 0.7903
'2018-10-18': 0.7462
'2018-10-19': 0.742
'2018-10-20': 0.7743
'2018-10-21': 0.7584
'2018-10-22': 0.7754
'2018-10-23': 0.768
'2018-10-24': 0.8244
'2018-10-25': 0.8091
'2018-10-26': 0.8065
'2018-10-27': 0.7764
'2018-10-28': 0.7901
'2018-10-29': 0.769
'2018-10-30': 0.7962
'2018-10-31': 0.8074
'2018-11-01': 0.8028
'2018-11-02': 0.8224
'2018-11-03': 0.7996
'2018-11-04': 0.8161
'2018-11-05': 0.7759
'2018-11-06': 0.7704
'2018-11-07': 0.762
'2018-11-08': 0.7639
'2018-11-09': 0.7252
'2018-11-10': 0.7138
'2018-11-11': 0.7139
'2018-11-12': 0.7217
'2018-11-13': 0.6713
'2018-11-14': 0.5683
'2018-11-15': 0.5241
'2018-11-16': 0.5109
'2018-11-17': 0.5003
'2018-11-18': 0.506
'2018-11-19': 0.3827
'2018-11-20': 0.3997
'2018-11-21': 0.4206
'2018-11-22': 0.4619
'2018-11-23': 0.4482
'2018-11-24': 0.3747
'2018-11-25': 0.3961
'2018-11-26': 0.3752
'2018-11-27': 0.3972
'2018-11-28': 0.4302
'2018-11-29': 0.4177
'2018-11-30': 0.393
'2018-12-01': 0.4235
'2018-12-02': 0.4148
'2018-12-03': 0.3984
'2018-12-04': 0.4154
'2018-12-05': 0.3704
'2018-12-06': 0.3363
'2018-12-07': 0.3226
'2018-12-08': 0.3226
'2018-12-09': 0.3384
'2018-12-10': 0.3016
'2018-12-11': 0.3002
'2018-12-12': 0.3092
'2018-12-13': 0.306
'2018-12-14': 0.302
'2018-12-15': 0.3066
'2018-12-16': 0.312
'2018-12-17': 0.3489
'2018-12-18': 0.3572
'2018-12-19': 0.3744
'2018-12-20': 0.4101
'2018-12-21': 0.3884
'2018-12-22': 0.4118
'2018-12-23': 0.4092
'2018-12-24': 0.4249
'2018-12-25': 0.3822
'2018-12-26': 0.386
'2018-12-27': 0.3622
'2018-12-28': 0.3975
'2018-12-29': 0.3979
'2018-12-30': 0.4149
'2018-12-31': 0.3841
'2019-01-01': 0.3946
'2019-01-02': 0.4203
'2019-01-03': 0.4181
'2019-01-04': 0.4595
'2019-01-05': 0.443
'2019-01-06': 0.4739
'2019-01-07': 0.4524
'2019-01-08': 0.4522
'2019-01-09': 0.472
'2019-01-10': 0.4156
'2019-01-11': 0.3941
'2019-01-12': 0.3965
'2019-01-13': 0.3683
'2019-01-14': 0.3941
'2019-01-15': 0.3752
'2019-01-16': 0.391
'2019-01-17': 0.4069
'2019-01-18': 0.4162
'2019-01-19': 0.436
'2019-01-20': 0.4003
'2019-01-21': 0.4068
'2019-01-22': 0.4052
'2019-01-23': 0.3965
'2019-01-24': 0.4092
'2019-01-25': 0.4031
'2019-01-26': 0.4024
'2019-01-27': 0.4271
'2019-01-28': 0.3916
'2019-01-29': 0.389
'2019-01-30': 0.4036
'2019-01-31': 0.3767
'2019-02-01': 0.3877
'2019-02-02': 0.3965
'2019-02-03': 0.3957
'2019-02-04': 0.3764
'2019-02-05': 0.3641
'2019-02-06': 0.3432
'2019-02-07': 0.3487
'2019-02-08': 0.4619
'2019-02-09': 0.4167
'2019-02-10': 0.5664
'2019-02-11': 0.5168
'2019-02-12': 0.4891
'2019-02-13': 0.5182
'2019-02-14': 0.4967
'2019-02-15': 0.4844
'2019-02-16': 0.4713
'2019-02-17': 0.623
'2019-02-18': 0.6784
'2019-02-19': 0.6463
'2019-02-20': 0.6513
'2019-02-21': 0.62
'2019-02-22': 0.6382
'2019-02-23': 0.6502
'2019-02-24': 0.5631
'2019-02-25': 0.5614
'2019-02-26': 0.5647
'2019-02-27': 0.5738
'2019-02-28': 0.58
'2019-03-01': 0.5743
'2019-03-02': 0.5753
'2019-03-03': 0.5623
'2019-03-04': 0.528
'2019-03-05': 0.5687
'2019-03-06': 0.553
'2019-03-07': 0.5653
'2019-03-08': 0.5466
'2019-03-09': 0.5764
'2019-03-10': 0.6087
'2019-03-11': 0.6312
'2019-03-12': 0.6132
'2019-03-13': 0.6493
'2019-03-14': 0.6723
'2019-03-15': 0.6676
'2019-03-16': 0.6536
'2019-03-17': 0.6389
'2019-03-18': 0.6306
'2019-03-19': 0.627
'2019-03-20': 0.631
'2019-03-21': 0.6159
'2019-03-22': 0.6337
'2019-03-23': 0.6299
'2019-03-24': 0.6327
'2019-03-25': 0.6044
'2019-03-26': 0.6311
'2019-03-27': 0.6599
'2019-03-28': 0.6761
'2019-03-29': 0.6767
'2019-03-30': 0.6972
'2019-03-31': 0.723
'2019-04-01': 0.6937
'2019-04-02': 0.7257
'2019-04-03': 0.6798
'2019-04-04': 0.6771
'2019-04-05': 0.7081
'2019-04-06': 0.6777
'2019-04-07': 0.6923
'2019-04-08': 0.6708
'2019-04-09': 0.673
'2019-04-10': 0.659
'2019-04-11': 0.6169
'2019-04-12': 0.6194
'2019-04-13': 0.6468
'2019-04-14': 0.6705
'2019-04-15': 0.6105
'2019-04-16': 0.6334
'2019-04-17': 0.6435
'2019-04-18': 0.641
'2019-04-19': 0.6455
'2019-04-20': 0.6312
'2019-04-21': 0.6054
'2019-04-22': 0.5999
'2019-04-23': 0.5777
'2019-04-24': 0.5455
'2019-04-25': 0.5064
'2019-04-26': 0.4849
'2019-04-27': 0.5092
'2019-04-28': 0.5009
'2019-04-29': 0.4691
'2019-04-30': 0.4872
'2019-05-01': 0.4708
'2019-05-02': 0.4852
'2019-05-03': 0.4916
'2019-05-04': 0.4698
'2019-05-05': 0.4722
'2019-05-06': 0.4915
'2019-05-07': 0.46
'2019-05-08': 0.4768
'2019-05-09': 0.429
'2019-05-10': 0.4484
'2019-05-11': 0.4968
'2019-05-12': 0.529
'2019-05-13': 0.5413
'2019-05-14': 0.5762
'2019-05-15': 0.6234
'2019-05-16': 0.6157
'2019-05-17': 0.5806
'2019-05-18': 0.5648
'2019-05-19': 0.5981
'2019-05-20': 0.58
'2019-05-21': 0.6251
'2019-05-22': 0.6179
'2019-05-23': 0.6149
'2019-05-24': 0.6552
'2019-05-25': 0.6478
'2019-05-26': 0.6401
'2019-05-27': 0.6454
'2019-05-28': 0.6298
'2019-05-29': 0.6327
'2019-05-30': 0.5875
'2019-05-31': 0.617
'2019-06-01': 0.6
'2019-06-02': 0.617
'2019-06-03': 0.5764
'2019-06-04': 0.539
'2019-06-05': 0.5695
'2019-06-06': 0.5607
'2019-06-07': 0.6016
'2019-06-08': 0.6032
'2019-06-09': 0.589
'2019-06-10': 0.6141
'2019-06-11': 0.6247
'2019-06-12': 0.614
'2019-06-13': 0.5845
'2019-06-14': 0.621
'2019-06-15': 0.5803
'2019-06-16': 0.5715
'2019-06-17': 0.5717
'2019-06-18': 0.5488
'2019-06-19': 0.5596
'2019-06-20': 0.5245
'2019-06-21': 0.51
'2019-06-22': 0.5179
'2019-06-23': 0.5137
'2019-06-24': 0.5303
'2019-06-25': 0.505
'2019-06-26': 0.4704
'2019-06-27': 0.4372
'2019-06-28': 0.451
'2019-06-29': 0.4659
'2019-06-30': 0.4416
'2019-07-01': 0.4562
'2019-07-02': 0.4348
'2019-07-03': 0.4507
'2019-07-04': 0.4261
'2019-07-05': 0.4318
'2019-07-06': 0.4477
'2019-07-07': 0.4616
'2019-07-08': 0.4409
'2019-07-09': 0.4578
'2019-07-10': 0.407
'2019-07-11': 0.3654
'2019-07-12': 0.3972
'2019-07-13': 0.3943
'2019-07-14': 0.3279
'2019-07-15': 0.3266
'2019-07-16': 0.2804
'2019-07-17': 0.2919
'2019-07-18': 0.3132
'2019-07-19': 0.3155
'2019-07-20': 0.3268
'2019-07-21': 0.3218
'2019-07-22': 0.3257
'2019-07-23': 0.3624
'2019-07-24': 0.4074
'2019-07-25': 0.3874
'2019-07-26': 0.4131
'2019-07-27': 0.3707
'2019-07-28': 0.3878
'2019-07-29': 0.3892
'2019-07-30': 0.3657
'2019-07-31': 0.3412
'2019-08-01': 0.3248
'2019-08-02': 0.3338
'2019-08-03': 0.3195
'2019-08-04': 0.3217
'2019-08-05': 0.3003
'2019-08-06': 0.2822
'2019-08-07': 0.2812
'2019-08-08': 0.2679
'2019-08-09': 0.2421
'2019-08-10': 0.2524
'2019-08-11': 0.2579
'2019-08-12': 0.2517
'2019-08-13': 0.2457
'2019-08-14': 0.2074
'2019-08-15': 0.2112
'2019-08-16': 0.2144
'2019-08-17': 0.214
'2019-08-18': 0.217
'2019-08-19': 0.2261
'2019-08-20': 0.2219
'2019-08-21': 0.2259
'2019-08-22': 0.2273
'2019-08-23': 0.2359
'2019-08-24': 0.2465
'2019-08-25': 0.2334
'2019-08-26': 0.2301
'2019-08-27': 0.2289
'2019-08-28': 0.2081
'2019-08-29': 0.204
'2019-08-30': 0.2032
'2019-08-31': 0.2123
'2019-09-01': 0.2071
'2019-09-02': 0.2078
'2019-09-03': 0.2282
'2019-09-04': 0.216
'2019-09-05': 0.2174
'2019-09-06': 0.2124
'2019-09-07': 0.2235
'2019-09-08': 0.2251
'2019-09-09': 0.233
'2019-09-10': 0.2275
'2019-09-11': 0.2129
'2019-09-12': 0.2287
'2019-09-13': 0.2334
'2019-09-14': 0.2268
'2019-09-15': 0.2197
'2019-09-16': 0.2164
'2019-09-17': 0.2153
'2019-09-18': 0.2279
'2019-09-19': 0.2245
'2019-09-20': 0.2305
'2019-09-21': 0.2243
'2019-09-22': 0.2243
'2019-09-23': 0.2086
'2019-09-24': 0.1666
'2019-09-25': 0.1668
'2019-09-26': 0.1634
'2019-09-27': 0.1699
'2019-09-28': 0.1796
'2019-09-29': 0.1702
'2019-09-30': 0.1752
'2019-10-01': 0.1728
'2019-10-02': 0.1775
'2019-10-03': 0.1775
'2019-10-04': 0.1796
'2019-10-05': 0.1836
'2019-10-06': 0.1776
'2019-10-07': 0.1839
'2019-10-08': 0.1904
'2019-10-09': 0.1866
'2019-10-10': 0.1853
'2019-10-11': 0.1894
'2019-10-12': 0.201
'2019-10-13': 0.2105
'2019-10-14': 0.2109
'2019-10-15': 0.199
'2019-10-16': 0.1943
'2019-10-17': 0.2004
'2019-10-18': 0.1975
'2019-10-19': 0.1935
'2019-10-20': 0.1882
'2019-10-21': 0.1891
'2019-10-22': 0.1837
'2019-10-23': 0.1802
'2019-10-24': 0.1793
'2019-10-25': 0.1961
'2019-10-26': 0.189
'2019-10-27': 0.1976
'2019-10-28': 0.2091
'2019-10-29': 0.2059
'2019-10-30': 0.195
'2019-10-31': 0.1954
'2019-11-01': 0.204
'2019-11-02': 0.2017
'2019-11-03': 0.2171
'2019-11-04': 0.2111
'2019-11-05': 0.2184
'2019-11-06': 0.2239
'2019-11-07': 0.2193
'2019-11-08': 0.2119
'2019-11-09': 0.2214
'2019-11-10': 0.2169
'2019-11-11': 0.2129
'2019-11-12': 0.2191
'2019-11-13': 0.2203
'2019-11-14': 0.2132
'2019-11-15': 0.2054
'2019-11-16': 0.2077
'2019-11-17': 0.2086
'2019-11-18': 0.1976
'2019-11-19': 0.1895
'2019-11-20': 0.1925
'2019-11-21': 0.1767
'2019-11-22': 0.1623
'2019-11-23': 0.1681
'2019-11-24': 0.1525
'2019-11-25': 0.1625
'2019-11-26': 0.1668
'2019-11-27': 0.1784
'2019-11-28': 0.1842
'2019-11-29': 0.1897
'2019-11-30': 0.187
'2019-12-01': 0.1857
'2019-12-02': 0.1803
'2019-12-03': 0.1898
'2019-12-04': 0.1803
'2019-12-05': 0.1759
'2019-12-06': 0.1867
'2019-12-07': 0.1839
'2019-12-08': 0.1898
'2019-12-09': 0.1844
'2019-12-10': 0.1671
'2019-12-11': 0.1683
'2019-12-12': 0.1665
'2019-12-13': 0.1727
'2019-12-14': 0.1669
'2019-12-15': 0.1703
'2019-12-16': 0.1605
'2019-12-17': 0.1435
'2019-12-18': 0.1494
'2019-12-19': 0.1537
'2019-12-20': 0.1552
'2019-12-21': 0.1504
'2019-12-22': 0.1531
'2019-12-23': 0.1536
'2019-12-24': 0.1482
'2019-12-25': 0.1451
'2019-12-26': 0.1442
'2019-12-27': 0.1466
'2019-12-28': 0.1485
'2019-12-29': 0.1493
'2019-12-30': 0.1435
'2019-12-31': 0.1431
'2020-01-01': 0.1398
'2020-01-02': 0.1399
'2020-01-03': 0.1456
'2020-01-04': 0.1455
'2020-01-05': 0.1457
'2020-01-06': 0.1524
'2020-01-07': 0.1462
'2020-01-08': 0.1429
'2020-01-09': 0.1381
'2020-01-10': 0.1438
'2020-01-11': 0.1407
'2020-01-12': 0.14
'2020-01-13': 0.1392
'2020-01-14': 0.142
'2020-01-15': 0.1486
'2020-01-16': 0.1452
'2020-01-17': 0.1556
'2020-01-18': 0.16
'2020-01-19': 0.1557
'2020-01-20': 0.1523
'2020-01-21': 0.1578
'2020-01-22': 0.1646
'2020-01-23': 0.1545
'2020-01-24': 0.1635
'2020-01-25': 0.1577
'2020-01-26': 0.1562
'2020-01-27': 0.1571
'2020-01-28': 0.1628
'2020-01-29': 0.1576
'2020-01-30': 0.16
'2020-01-31': 0.16
'2020-02-01': 0.1669
'2020-02-02': 0.1743
'2020-02-03': 0.1764
'2020-02-04': 0.1975
'2020-02-05': 0.1967
'2020-02-06': 0.2087
'2020-02-07': 0.2147
'2020-02-08': 0.2004
'2020-02-09': 0.2188
'2020-02-10': 0.2956
'2020-02-11': 0.2755
'2020-02-12': 0.2724
'2020-02-13': 0.2732
'2020-02-14': 0.284
'2020-02-15': 0.2732
'2020-02-16': 0.2425
'2020-02-17': 0.2351
'2020-02-18': 0.2484
'2020-02-19': 0.2248
'2020-02-20': 0.2293
'2020-02-21': 0.2263
'2020-02-22': 0.2265
'2020-02-23': 0.2449
'2020-02-24': 0.2258
'2020-02-25': 0.2031
'2020-02-26': 0.1907
'2020-02-27': 0.1966
'2020-02-28': 0.1947
'2020-02-29': 0.1852
'2020-03-01': 0.1936
'2020-03-02': 0.2092
'2020-03-03': 0.2173
'2020-03-04': 0.216
'2020-03-05': 0.2282
'2020-03-06': 0.2328
'2020-03-07': 0.2158
'2020-03-08': 0.1819
'2020-03-09': 0.1881
'2020-03-10': 0.1881
'2020-03-11': 0.1846
'2020-03-12': 0.0916
'2020-03-13': 0.1062
'2020-03-14': 0.1109
'2020-03-15': 0.1149
'2020-03-16': 0.1065
'2020-03-17': 0.125
'2020-03-18': 0.1328
'2020-03-19': 0.168
'2020-03-20': 0.1595
'2020-03-21': 0.1624
'2020-03-22': 0.1451
'2020-03-23': 0.1543
'2020-03-24': 0.1625
'2020-03-25': 0.1595
'2020-03-26': 0.1629
'2020-03-27': 0.1513
'2020-03-28': 0.1446
'2020-03-29': 0.1366
'2020-03-30': 0.1482
'2020-03-31': 0.1584
'2020-04-01': 0.1558
'2020-04-02': 0.1567
'2020-04-03': 0.1604
'2020-04-04': 0.1621
'2020-04-05': 0.1598
'2020-04-06': 0.1691
'2020-04-07': 0.1637
'2020-04-08': 0.1694
'2020-04-09': 0.167
'2020-04-10': 0.1538
'2020-04-11': 0.1528
'2020-04-12': 0.1529
'2020-04-13': 0.1526
'2020-04-14': 0.1989
'2020-04-15': 0.182
'2020-04-16': 0.1804
'2020-04-17': 0.1735
'2020-04-18': 0.1791
'2020-04-19': 0.1737
'2020-04-20': 0.1665
'2020-04-21': 0.1604
'2020-04-22': 0.1652
'2020-04-23': 0.1672
'2020-04-24': 0.173
'2020-04-25': 0.1878
'2020-04-26': 0.1865
'2020-04-27': 0.184
'2020-04-28': 0.1816
'2020-04-29': 0.1868
'2020-04-30': 0.1897
'2020-05-01': 0.195
'2020-05-02': 0.1996
'2020-05-03': 0.1949
'2020-05-04': 0.1922
'2020-05-05': 0.1933
'2020-05-06': 0.1894
'2020-05-07': 0.1981
'2020-05-08': 0.2066
'2020-05-09': 0.2096
'2020-05-10': 0.1889
'2020-05-11': 0.1836
'2020-05-12': 0.188
'2020-05-13': 0.1905
'2020-05-14': 0.1957
'2020-05-15': 0.1796
'2020-05-16': 0.1959
'2020-05-17': 0.2084
'2020-05-18': 0.2074
'2020-05-19': 0.2069
'2020-05-20': 0.2131
'2020-05-21': 0.2056
'2020-05-22': 0.2247
'2020-05-23': 0.2123
'2020-05-24': 0.2144
'2020-05-25': 0.2274
'2020-05-26': 0.2225
'2020-05-27': 0.2161
'2020-05-28': 0.2161
'2020-05-29': 0.2158
'2020-05-30': 0.2214
'2020-05-31': 0.2182
'2020-06-01': 0.2378
'2020-06-02': 0.2333
'2020-06-03': 0.2338
'2020-06-04': 0.2333
'2020-06-05': 0.2324
'2020-06-06': 0.2389
'2020-06-07': 0.2345
'2020-06-08': 0.2377
'2020-06-09': 0.2361
'2020-06-10': 0.2405
'2020-06-11': 0.2349
'2020-06-12': 0.2507
'2020-06-13': 0.251
'2020-06-14': 0.2449
'2020-06-15': 0.262
'2020-06-16': 0.2763
'2020-06-17': 0.285
'2020-06-18': 0.3004
'2020-06-19': 0.2834
'2020-06-20': 0.2792
'2020-06-21': 0.2823
'2020-06-22': 0.3029
'2020-06-23': 0.2994
'2020-06-24': 0.32
'2020-06-25': 0.3245
'2020-06-26': 0.2969
'2020-06-27': 0.33
'2020-06-28': 0.2822
'2020-06-29': 0.2808
'2020-06-30': 0.2882
'2020-07-01': 0.2601
'2020-07-02': 0.2684
'2020-07-03': 0.2559
'2020-07-04': 0.2597
'2020-07-05': 0.254
'2020-07-06': 0.2809
'2020-07-07': 0.2757
'2020-07-08': 0.2882
'2020-07-09': 0.2874
'2020-07-10': 0.2975
'2020-07-11': 0.3347
'2020-07-12': 0.3294
'2020-07-13': 0.2954
'2020-07-14': 0.33
'2020-07-15': 0.3183
'2020-07-16': 0.3566
'2020-07-17': 0.3368
'2020-07-18': 0.3942
'2020-07-19': 0.4054
'2020-07-20': 0.4529
'2020-07-21': 0.4412
'2020-07-22': 0.4583
'2020-07-23': 0.4607
'2020-07-24': 0.4433
'2020-07-25': 0.4236
'2020-07-26': 0.4231
'2020-07-27': 0.3735
'2020-07-28': 0.403
'2020-07-29': 0.4181
'2020-07-30': 0.4522
'2020-07-31': 0.4282
'2020-08-01': 0.4249
'2020-08-02': 0.4995
'2020-08-03': 0.5938
'2020-08-04': 0.5503
'2020-08-05': 0.5226
'2020-08-06': 0.5128
'2020-08-07': 0.5081
'2020-08-08': 0.5246
'2020-08-09': 0.511
'2020-08-10': 0.5047
'2020-08-11': 0.4796
'2020-08-12': 0.4858
'2020-08-13': 0.4868
'2020-08-14': 0.5191
'2020-08-15': 0.5057
'2020-08-16': 0.5284
'2020-08-17': 0.5467
'2020-08-18': 0.5224
'2020-08-19': 0.479
'2020-08-20': 0.5048
'2020-08-21': 0.4779
'2020-08-22': 0.5056
'2020-08-23': 0.4978
'2020-08-24': 0.533
'2020-08-25': 0.4788
'2020-08-26': 0.4914
'2020-08-27': 0.4467
'2020-08-28': 0.4554
'2020-08-29': 0.4689
'2020-08-30': 0.4725
'2020-08-31': 0.4545
'2020-09-01': 0.4434
'2020-09-02': 0.4074
'2020-09-03': 0.3245
'2020-09-04': 0.3406
'2020-09-05': 0.3135
'2020-09-06': 0.32
'2020-09-07': 0.3147
'2020-09-08': 0.311
'2020-09-09': 0.3452
'2020-09-10': 0.3542
'2020-09-11': 0.3511
'2020-09-12': 0.3994
'2020-09-13': 0.4082
'2020-09-14': 0.3941
'2020-09-15': 0.3547
'2020-09-16': 0.3426
'2020-09-17': 0.3566
'2020-09-18': 0.3504
'2020-09-19': 0.3617
'2020-09-20': 0.3443
'2020-09-21': 0.306
'2020-09-22': 0.2998
'2020-09-23': 0.2775
'2020-09-24': 0.2969
'2020-09-25': 0.3011
'2020-09-26': 0.3025
'2020-09-27': 0.3031
'2020-09-28': 0.2952
'2020-09-29': 0.3014
'2020-09-30': 0.3045
'2020-10-01': 0.2871
'2020-10-02': 0.2735
'2020-10-03': 0.2771
'2020-10-04': 0.2784
'2020-10-05': 0.2806
'2020-10-06': 0.2686
'2020-10-07': 0.2663
'2020-10-08': 0.2789
'2020-10-09': 0.3255
'2020-10-10': 0.2987
'2020-10-11': 0.3266
'2020-10-12': 0.3154
'2020-10-13': 0.3105
'2020-10-14': 0.3014
'2020-10-15': 0.2956
'2020-10-16': 0.2867
'2020-10-17': 0.2991
'2020-10-18': 0.2946
'2020-10-19': 0.2927
'2020-10-20': 0.2704
'2020-10-21': 0.2781
