-
    publicKey: 03b906102928cf97c6ddeb59cefb0e1e02105a22ab1acc3b4906214a16d494db0a
    status: done
    time: 0
    order: 0
-
    publicKey: 03153c994e5306b2fbba9bb533f22871e12e4c1d1d3960d1eeef385ab143b258b4
    status: done
    time: 0
    order: 1
-
    publicKey: 029918d8fe6a78cc01bbab31f636494568dd954431f75f4ea6ff1da040b7063a70
    status: done
    time: 0
    order: 2
-
    publicKey: 024d5eacc5e05e1b05c476b367b7d072857826d9b271e07d3a3327224db8892a21
    status: done
    time: 0
    order: 3
-
    publicKey: 02cd9f56a176c843724eb58d3ef89dc88915a814bdcf284b02933e0dd203630a83
    status: done
    time: 0
    order: 4
-
    publicKey: 03b12f99375c3b0e4f5f5c7ea74e723f0b84a6f169b47d9105ed2a179f30c82df2
    status: done
    time: 0
    order: 5
-
    publicKey: 037850667ea2c8473adf7c87ee4496af1b7821f4e10761e78c3b391d6fcfbde9bb
    status: done
    time: 0
    order: 6
-
    publicKey: 02e311d97f92dc879860ec0d63b344239f17149ed1700b279b5ef52d2baaa0226f
    status: done
    time: 0
    order: 7
-
    publicKey: 03f3512aa9717b2ca83d371ed3bb2d3ff922969f3ceef92f65c060afa2bc2244fb
    status: done
    time: 0
    order: 8
-
    publicKey: 039b5a3a71335bfa6c72b82498f814123e0678f7cd3d8e7221ec7124918736e01c
    status: done
    time: 0
    order: 9
-
    publicKey: 03a8ff0a3cbdcb3bfbdb84dbf83226f338ba1452047ac5b8228a1513f7f1de80de
    status: done
    time: 0
    order: 10
-
    publicKey: 0250b742256f9321bd7d46f3ed9769b215a7c2fb02be951acf43bc51eb57ceadf6
    status: done
    time: 0
    order: 11
-
    publicKey: 0215789ac26155b7a338708f595b97c453e08918d0630c896cbd31d83fe2ad1c33
    status: done
    time: 0
    order: 12
-
    publicKey: 02c3d1ae1b8fe831218f78cf09d864e60818ebdba4aacc74ecc2bcf2734aadf5ea
    status: done
    time: 0
    order: 13
-
    publicKey: 027716e659220085e41389efc7cf6a05f7f7c659cf3db9126caabce6cda9156582
    status: done
    time: 0
    order: 14
-
    publicKey: 023e3b421c730f85d2db546ee58f2b8d81dc141c3b12f8b8efadba8ddf085a4db6
    status: done
    time: 0
    order: 15
-
    publicKey: 0284a88da69cc04439633217c6961d2800df0f7dff7f85b9803848ee02d0743f1d
    status: next
    time: 8000
    order: 16
-
    publicKey: 0304d0c477d634cc85d89c1a4afee8f51168d1747fe8fd79cabc26565e49eb8a7a
    status: pending
    time: 16000
    order: 17
-
    publicKey: 032cfbb18f4e49952c6d6475e8adc6d0cba00b81ef6606cc4927b78c6c50558beb
    status: pending
    time: 24000
    order: 18
-
    publicKey: 03ce92e54f9dbb5e4a050edddf5862dee29f419c60ceaad052d50aad6fcced5652
    status: pending
    time: 32000
    order: 19
-
    publicKey: 03380be01971b9f58131974234d466adca4889cb8e9616d64166980370e6bf1157
    status: pending
    time: 40000
    order: 20
-
    publicKey: 02adfadcf8b9c8c1925c8662ac9cde0763c92b06404dfffad8555f41638cdf4780
    status: pending
    time: 48000
    order: 21
-
    publicKey: 022eedf9f1cdae0cfaae635fe415b6a8f1912bc89bc3880ec41135d62cbbebd3d3
    status: pending
    time: 56000
    order: 22
-
    publicKey: 03f6af8c750b9d29d9da3d4ddf5818a1fcdd4558ba0dde731f9c4b17bcbdcd83f2
    status: pending
    time: 64000
    order: 23
-
    publicKey: 02ac8d84d81648154f79ba64fbf64cd6ee60f385b2aa52e8eb72bc1374bf55a68c
    status: pending
    time: 72000
    order: 24
-
    publicKey: 02d2f48a7ebb5b6d484de15b4cab8ab13c1d39b7141301efe048714aa9d82eb1cd
    status: pending
    time: 80000
    order: 25
-
    publicKey: 02747353898e59c4f784542f357d5dd938a2872adb53abb94924091fddfdd83dc3
    status: pending
    time: 88000
    order: 26
-
    publicKey: 0306950dae7158103814e3828b1ab97a87dbb3680db1b4c6998b8208865b2f9db7
    status: pending
    time: 96000
    order: 27
-
    publicKey: 033a5474f68f92f254691e93c06a2f22efaf7d66b543a53efcece021819653a200
    status: pending
    time: 104000
    order: 28
-
    publicKey: 03d3c6889608074b44155ad2e6577c3368e27e6e129c457418eb3e5ed029544e8d
    status: pending
    time: 112000
    order: 29
-
    publicKey: 025341ecfcbb48f9ecac8b87d6e5ace9fb172cee9c521a036f20861f515077bfc3
    status: pending
    time: 120000
    order: 30
-
    publicKey: 02062f6f6d2aabafd745e6b01f4aa788a012c4ce7131312026bdb6eb4e74a464d2
    status: pending
    time: 128000
    order: 31
-
    publicKey: 0242555e90957de10e3912ce8831bcc985a40a645447dbfe8a0913ee6d89914707
    status: pending
    time: 136000
    order: 32
-
    publicKey: 03dcb84917cf6d7b742f58c04693c5e00c56a4ae83feec129b3e3cc27111796232
    status: pending
    time: 144000
    order: 33
-
    publicKey: 03ccf15ff3a07e1a4b04692f7f2db3a06948708dacfff47661c259f2fa689e1941
    status: pending
    time: 152000
    order: 34
-
    publicKey: 035c14e8c5f0ee049268c3e75f02f05b4246e746dc42f99271ff164b7be20cf5b8
    status: pending
    time: 160000
    order: 35
-
    publicKey: 037997a6553ea8073eb199e9f5ff23b8f0892e79433ef35e13966e0a12849d02e3
    status: pending
    time: 168000
    order: 36
-
    publicKey: 03eda1b9127d9a12a7c6903ca896534937ec492afa12ffa57a9aa6f3c77b618fdb
    status: pending
    time: 176000
    order: 37
-
    publicKey: 02951227bb3bc5309aeb96460dbdf945746012810bb4020f35c20feae4eea7e5d4
    status: pending
    time: 184000
    order: 38
-
    publicKey: 0236d5232cdbd1e7ab87fad10ebe689c4557bc9d0c408b6773be964c837231d5f0
    status: pending
    time: 192000
    order: 39
-
    publicKey: 0352e9ea81b7fb78b80ab6598e66d23764249c77b9492e3c1b0705d9d0722b729f
    status: pending
    time: 200000
    order: 40
-
    publicKey: 0296893488d335ff818391da7c450cfeb7821a4eb535b15b95808ea733915fbfb1
    status: pending
    time: 208000
    order: 41
-
    publicKey: 031a6d8dab63668e901661c592dfe4bcc75793959d6ee6300408482840487d1faf
    status: pending
    time: 216000
    order: 42
-
    publicKey: 02d0244d939fad9004cc104f71b46b428d903e4f2988a65f39fdaa1b7482894c9e
    status: pending
    time: 224000
    order: 43
-
    publicKey: 02e345079aca0567db96ec0ba3acf859b7cfd15134a855671f9c0fe8b1173767bd
    status: pending
    time: 232000
    order: 44
-
    publicKey: 02677f73453da6073f5cf76db8f65fabc1a3b7aadc7b06027e0df709f14e097790
    status: pending
    time: 240000
    order: 45
-
    publicKey: 02257c58004e5ae23716d1c44beea0cca7f5b522a692df367bae9015a4f15c1670
    status: pending
    time: 248000
    order: 46
-
    publicKey: 03d60e675b8a4b461361689e29fcf809cc4724de57ad7e7f73825e16d7b092d338
    status: pending
    time: 256000
    order: 47
-
    publicKey: 02789894f309f08a4e7833452552aa39e168005d893cafc8ef995edbfdba396d2c
    status: pending
    time: 264000
    order: 48
-
    publicKey: 022ffb5fa4eb5b2e71c985b1d796642528802f04a6ddf9a449ba1aab292a9744aa
    status: pending
    time: 272000
    order: 49
-
    publicKey: 023ee98f453661a1cb765fd60df95b4efb1e110660ffb88ae31c2368a70f1f7359
    status: pending
    time: 280000
    order: 50
