'03.11': 0
'02.11': 0
'01.11': 0
'31.10': 0
'30.10': 0
'29.10': 0
'28.10': 0
