'03.11': 0
'02.11': 0
'01.11': 0
'31.10': 0
'30.10': 0
'29.10': 0
'28.10': 0
'27.10': 0
'26.10': 0
'25.10': 0
'24.10': 0
'23.10': 0
'22.10': 0
'21.10': 0
'20.10': 0
'19.10': 0
'18.10': 0
'17.10': 0
'16.10': 0
'15.10': 0
'14.10': 0
'13.10': 0
'12.10': 0
'11.10': 0
'10.10': 0
'09.10': 0
'08.10': 0
'07.10': 0
'06.10': 0
'05.10': 0
