Jan: 0
Feb: 0
Mar: 0
Apr: 0
May: 0
Jun: 0
Jul: 0
Aug: 0
Sep: 0
Oct: !!float 10
Nov: 0
Dec: 0
