'03.12': 0
'04.12': 0
'05.12': 0
'06.12': 0
'07.12': 0
'08.12': 0
'09.12': 0
'10.12': 0
'11.12': 0
'12.12': 0
'13.12': 0
'14.12': 0
'15.12': 0
'16.12': 0
'17.12': 0
'18.12': 0
'19.12': 0
'20.12': 0
'21.12': 0
'22.12': 0
'23.12': 0
'24.12': 0
'25.12': 0
'26.12': 0
'27.12': 0
'28.12': 0
'29.12': 0
'30.12': 0
'31.12': 10.0
'01.01': 0
