'2020-10-19': !!float 10
'2021-02-11': !!float 10
