-
    amount: '10 DARK'
    recipientId: A
-
    amount: '20 DARK'
    recipientId: B
-
    amount: '30 DARK'
    recipientId: C
-
    amount: '40 DARK'
    recipientId: D
-
    amount: '50 DARK'
    recipientId: E
