'26.12': 0
'27.12': 0
'28.12': 0
'29.12': 0
'30.12': 0
'31.12': 10.0
'01.01': 0
