Feb: 0
Mar: 0
Apr: 0
May: 0
Jun: 0
Jul: 0
Aug: 0
Sep: 0
Oct: 10.0
Nov: 0
Dec: 10.0
Jan: 0
